2025-08-22 12:29:35,464 - INFO - ==================================================
2025-08-22 12:29:35,464 - INFO - INICIANDO SCRIPT DE TREINAMENTO - RUN ID: 20250822_122935
2025-08-22 12:29:35,464 - INFO - ==================================================
2025-08-22 12:29:35,464 - INFO - Carregando dados de 'data/train.csv'...
2025-08-22 12:29:36,304 - INFO - Dados carregados com sucesso. Shape: (1017209, 9)
2025-08-22 12:29:36,305 - INFO - Iniciando pré-processamento dos dados com janela de 7 dias...
2025-08-22 12:29:36,305 - INFO - Iniciando pré-processamento com window_size=7.
2025-08-22 12:29:36,305 - INFO - Ordenando dados por 'Store' e 'Date'...
2025-08-22 12:29:36,459 - INFO - Iniciando engenharia de features...
2025-08-22 12:29:36,470 - INFO - Features 'StateHoliday' e 'SchoolHoliday' convertidas para binário.
2025-08-22 12:29:36,478 - INFO - Feature '7_days_avg_sales' (média móvel) criada.
2025-08-22 12:29:36,479 - INFO - Engenharia de features concluída.
2025-08-22 12:29:36,479 - INFO - Colunas após engenharia de features: ['Store', 'DayOfWeek', 'Date', 'Sales', 'Customers', 'Open', 'Promo', 'StateHoliday', 'SchoolHoliday', '7_days_avg_sales']
2025-08-22 12:29:36,479 - INFO - Normalizando as features ['DayOfWeek', 'Customers', 'Open', 'Promo', '7_days_avg_sales'] e o target 'Sales' com MinMaxScaler.
2025-08-22 12:29:36,491 - INFO - Iniciando criação de sequências para o modelo LSTM...
2025-08-22 12:29:36,492 - INFO - Encontradas 10 lojas únicas para processar.
2025-08-22 12:29:40,669 - INFO - Criação de sequências concluída. Total de 9350 sequências geradas.
2025-08-22 12:29:40,673 - INFO - Salvando o objeto scaler em 'artifacts/scaler_20250822_122935.pkl'...
2025-08-22 12:29:40,674 - INFO - Scaler salvo com sucesso.
2025-08-22 12:29:40,677 - INFO - Pré-processamento concluído. Shape de X: (9350, 7, 5), Shape de y: (9350,)
2025-08-22 12:29:40,677 - INFO - Dividindo os dados em conjuntos de treino e validação (80/20)...
2025-08-22 12:29:40,677 - INFO - Divisão concluída. Shapes: X_train=(6545, 7, 5), y_train=(6545,), X_val=(1402, 7, 5), y_val=(1402,)
2025-08-22 12:29:40,677 - INFO - O melhor modelo será salvo em: artifacts/best_model_20250822_122935.h5
2025-08-22 12:29:40,678 - INFO - Configurando callbacks: EarlyStopping e ModelCheckpoint.
2025-08-22 12:29:40,678 - INFO - Construindo modelo com input_shape: (7, 5)
2025-08-22 12:29:42,124 - INFO - Modelo compilado com otimizador 'adam' e loss 'mse'.
2025-08-22 12:29:42,124 - INFO - Arquitetura do modelo:
2025-08-22 12:29:42,128 - INFO - Model: "sequential"
┏━━━━━━━━━━━━━━━━━━━━━━━━━━━━━━━━━━━━━━┳━━━━━━━━━━━━━━━━━━━━━━━━━━━━━┳━━━━━━━━━━━━━━━━━┓
┃ Layer (type)                         ┃ Output Shape                ┃         Param # ┃
┡━━━━━━━━━━━━━━━━━━━━━━━━━━━━━━━━━━━━━━╇━━━━━━━━━━━━━━━━━━━━━━━━━━━━━╇━━━━━━━━━━━━━━━━━┩
│ lstm (LSTM)                          │ (None, 50)                  │          11,200 │
├──────────────────────────────────────┼─────────────────────────────┼─────────────────┤
│ dense (Dense)                        │ (None, 1)                   │              51 │
└──────────────────────────────────────┴─────────────────────────────┴─────────────────┘
 Total params: 11,251 (43.95 KB)
 Trainable params: 11,251 (43.95 KB)
 Non-trainable params: 0 (0.00 B)

2025-08-22 12:29:42,128 - INFO - Iniciando o treinamento do modelo...
2025-08-22 12:29:45,868 - WARNING - You are saving your model as an HDF5 file via `model.save()` or `keras.saving.save_model(model)`. This file format is considered legacy. We recommend using instead the native Keras format, e.g. `model.save('my_model.keras')` or `keras.saving.save_model(model, 'my_model.keras')`. 
2025-08-22 12:29:45,921 - INFO - Treinamento concluído.
2025-08-22 12:29:45,922 - INFO - Treino finalizado. Melhor 'val_loss' alcançada: 0.0058
2025-08-22 12:29:45,923 - INFO - Iniciando a Avaliação do modelo
2025-08-22 12:29:45,923 - INFO - ==================================================
2025-08-22 12:29:45,923 - INFO - INICIANDO AVALIAÇÃO DO MODELO
2025-08-22 12:29:45,923 - INFO - ==================================================
2025-08-22 12:29:45,923 - INFO - Carregando modelo do caminho: artifacts/best_model_20250822_122935.h5
2025-08-22 12:29:45,970 - WARNING - Compiled the loaded model, but the compiled metrics have yet to be built. `model.compile_metrics` will be empty until you train or evaluate the model.
2025-08-22 12:29:45,976 - INFO - Modelo carregado com sucesso.
2025-08-22 12:29:45,976 - INFO - Realizando predições no conjunto de teste com shape: (1403, 7, 5)
2025-08-22 12:29:46,492 - INFO - Predições concluídas. Shape das predições: (1403, 1)
2025-08-22 12:29:46,493 - INFO - Calculando métricas de avaliação: RMSE e MAPE...
2025-08-22 12:29:46,495 - INFO - AVALIAÇÃO COMPLETA - RMSE: 0.0880, MAPE: 5612469435941894.00%
2025-08-22 12:29:46,495 - INFO - ==================================================
2025-08-22 12:29:46,495 - INFO - EXECUÇÃO DO SCRIPT FINALIZADA
2025-08-22 12:29:46,495 - INFO - ==================================================
