2025-08-22 12:17:53,849 - INFO - ==================================================
2025-08-22 12:17:53,850 - INFO - INICIANDO SCRIPT DE TREINAMENTO - RUN ID: 20250822_121753
2025-08-22 12:17:53,850 - INFO - ==================================================
2025-08-22 12:17:53,850 - INFO - Carregando dados de 'data/train.csv'...
2025-08-22 12:17:54,521 - INFO - Dados carregados com sucesso. Shape: (1017209, 9)
2025-08-22 12:17:54,521 - INFO - Iniciando pré-processamento dos dados com janela de 7 dias...
2025-08-22 12:17:54,521 - INFO - Iniciando pré-processamento com window_size=7.
2025-08-22 12:17:54,521 - INFO - Ordenando dados por 'Store' e 'Date'...
2025-08-22 12:17:54,709 - INFO - Iniciando engenharia de features...
2025-08-22 12:17:54,719 - INFO - Features 'StateHoliday' e 'SchoolHoliday' convertidas para binário.
2025-08-22 12:17:54,729 - INFO - Feature '7_days_avg_sales' (média móvel) criada.
2025-08-22 12:17:54,729 - INFO - Engenharia de features concluída.
2025-08-22 12:17:54,729 - INFO - Colunas após engenharia de features: ['Store', 'DayOfWeek', 'Date', 'Sales', 'Customers', 'Open', 'Promo', 'StateHoliday', 'SchoolHoliday', '7_days_avg_sales']
2025-08-22 12:17:54,729 - INFO - Normalizando as features ['DayOfWeek', 'Customers', 'Open', 'Promo', '7_days_avg_sales'] e o target 'Sales' com MinMaxScaler.
2025-08-22 12:17:54,744 - INFO - Iniciando criação de sequências para o modelo LSTM...
2025-08-22 12:17:54,745 - INFO - Encontradas 10 lojas únicas para processar.
2025-08-22 12:17:59,040 - INFO - Criação de sequências concluída. Total de 9350 sequências geradas.
2025-08-22 12:17:59,045 - INFO - Salvando o objeto scaler em 'artifacts/scaler_20250822_121753.pkl'...
2025-08-22 12:17:59,046 - INFO - Scaler salvo com sucesso.
2025-08-22 12:17:59,048 - INFO - Pré-processamento concluído. Shape de X: (9350, 7, 5), Shape de y: (9350,)
2025-08-22 12:17:59,049 - INFO - Dividindo os dados em conjuntos de treino e validação (80/20)...
2025-08-22 12:17:59,049 - INFO - Divisão concluída. Shapes: X_train=(6545, 7, 5), y_train=(6545,), X_val=(1402, 7, 5), y_val=(1402,)
2025-08-22 12:17:59,049 - INFO - O melhor modelo será salvo em: artifacts/best_model_20250822_121753.h5
2025-08-22 12:17:59,049 - INFO - Configurando callbacks: EarlyStopping e ModelCheckpoint.
2025-08-22 12:17:59,049 - INFO - Construindo modelo com input_shape: (7, 5)
2025-08-22 12:18:00,441 - INFO - Modelo compilado com otimizador 'adam' e loss 'mse'.
2025-08-22 12:18:00,441 - INFO - Arquitetura do modelo:
2025-08-22 12:18:00,446 - INFO - Model: "sequential"
┏━━━━━━━━━━━━━━━━━━━━━━━━━━━━━━━━━━━━━━┳━━━━━━━━━━━━━━━━━━━━━━━━━━━━━┳━━━━━━━━━━━━━━━━━┓
┃ Layer (type)                         ┃ Output Shape                ┃         Param # ┃
┡━━━━━━━━━━━━━━━━━━━━━━━━━━━━━━━━━━━━━━╇━━━━━━━━━━━━━━━━━━━━━━━━━━━━━╇━━━━━━━━━━━━━━━━━┩
│ lstm (LSTM)                          │ (None, 50)                  │          11,200 │
├──────────────────────────────────────┼─────────────────────────────┼─────────────────┤
│ dense (Dense)                        │ (None, 1)                   │              51 │
└──────────────────────────────────────┴─────────────────────────────┴─────────────────┘
 Total params: 11,251 (43.95 KB)
 Trainable params: 11,251 (43.95 KB)
 Non-trainable params: 0 (0.00 B)

2025-08-22 12:18:00,446 - INFO - Iniciando o treinamento do modelo...
2025-08-22 12:18:04,018 - WARNING - You are saving your model as an HDF5 file via `model.save()` or `keras.saving.save_model(model)`. This file format is considered legacy. We recommend using instead the native Keras format, e.g. `model.save('my_model.keras')` or `keras.saving.save_model(model, 'my_model.keras')`. 
2025-08-22 12:18:04,070 - INFO - Treinamento concluído.
2025-08-22 12:18:04,072 - INFO - Treino finalizado. Melhor 'val_loss' alcançada: 0.0078
2025-08-22 12:18:04,072 - INFO - Iniciando a Avaliação do modelo
2025-08-22 12:18:04,072 - INFO - ==================================================
2025-08-22 12:18:04,072 - INFO - INICIANDO AVALIAÇÃO DO MODELO
2025-08-22 12:18:04,072 - INFO - ==================================================
2025-08-22 12:18:04,072 - INFO - Carregando modelo do caminho: artifacts/best_model_20250822_121753.h5
2025-08-22 12:18:04,119 - WARNING - Compiled the loaded model, but the compiled metrics have yet to be built. `model.compile_metrics` will be empty until you train or evaluate the model.
2025-08-22 12:18:04,126 - INFO - Modelo carregado com sucesso.
2025-08-22 12:18:04,126 - INFO - Realizando predições no conjunto de teste com shape: (1403, 7, 5)
2025-08-22 12:18:04,661 - INFO - Predições concluídas. Shape das predições: (1403, 1)
2025-08-22 12:18:04,662 - INFO - Calculando métricas de avaliação: RMSE e MAPE...
2025-08-22 12:18:04,664 - INFO - AVALIAÇÃO COMPLETA - RMSE: 0.1004, MAPE: 9693281322744390.00%
2025-08-22 12:18:04,664 - INFO - RMSE: 0.10039516420777671
2025-08-22 12:18:04,664 - INFO - MAPE: 96932813227443.9
2025-08-22 12:18:04,664 - INFO - ==================================================
2025-08-22 12:18:04,665 - INFO - EXECUÇÃO DO SCRIPT FINALIZADA
2025-08-22 12:18:04,665 - INFO - ==================================================
