2025-08-22 12:13:54,945 - INFO - ==================================================
2025-08-22 12:13:54,945 - INFO - INICIANDO SCRIPT DE TREINAMENTO - RUN ID: 20250822_121354
2025-08-22 12:13:54,945 - INFO - ==================================================
2025-08-22 12:13:54,945 - INFO - Carregando dados de 'data/train.csv'...
2025-08-22 12:13:55,612 - INFO - Dados carregados com sucesso. Shape: (1017209, 9)
2025-08-22 12:13:55,612 - INFO - Iniciando pré-processamento dos dados com janela de 7 dias...
2025-08-22 12:13:55,613 - INFO - Iniciando pré-processamento com window_size=7.
2025-08-22 12:13:55,613 - INFO - Ordenando dados por 'Store' e 'Date'...
2025-08-22 12:13:55,776 - INFO - Iniciando engenharia de features...
2025-08-22 12:13:55,782 - INFO - Features 'StateHoliday' e 'SchoolHoliday' convertidas para binário.
2025-08-22 12:13:55,790 - INFO - Feature '7_days_avg_sales' (média móvel) criada.
2025-08-22 12:13:55,790 - INFO - Engenharia de features concluída.
2025-08-22 12:13:55,790 - INFO - Colunas após engenharia de features: ['Store', 'DayOfWeek', 'Date', 'Sales', 'Customers', 'Open', 'Promo', 'StateHoliday', 'SchoolHoliday', '7_days_avg_sales']
2025-08-22 12:13:55,790 - INFO - Normalizando as features ['DayOfWeek', 'Customers', 'Open', 'Promo', '7_days_avg_sales'] e o target 'Sales' com MinMaxScaler.
2025-08-22 12:13:55,798 - INFO - Iniciando criação de sequências para o modelo LSTM...
2025-08-22 12:13:55,799 - INFO - Encontradas 10 lojas únicas para processar.
2025-08-22 12:14:00,029 - INFO - Criação de sequências concluída. Total de 9350 sequências geradas.
2025-08-22 12:14:00,034 - INFO - Salvando o objeto scaler em 'artifacts/scaler_20250822_121354.pkl'...
2025-08-22 12:14:00,034 - INFO - Scaler salvo com sucesso.
2025-08-22 12:14:00,036 - INFO - Pré-processamento concluído. Shape de X: (9350, 7, 5), Shape de y: (9350,)
2025-08-22 12:14:00,039 - INFO - Dividindo os dados em conjuntos de treino e validação (80/20)...
2025-08-22 12:14:00,039 - INFO - Divisão concluída. Shapes: X_train=(6545, 7, 5), y_train=(6545,), X_val=(1402, 7, 5), y_val=(1402,)
2025-08-22 12:14:00,039 - INFO - O melhor modelo será salvo em: artifacts/best_model_20250822_121354.h5
2025-08-22 12:14:00,039 - INFO - Configurando callbacks: EarlyStopping e ModelCheckpoint.
2025-08-22 12:14:00,039 - INFO - Construindo modelo com input_shape: (7, 5)
2025-08-22 12:14:01,431 - INFO - Modelo compilado com otimizador 'adam' e loss 'mse'.
2025-08-22 12:14:01,432 - INFO - Arquitetura do modelo:
2025-08-22 12:14:01,436 - INFO - Model: "sequential"
┏━━━━━━━━━━━━━━━━━━━━━━━━━━━━━━━━━━━━━━┳━━━━━━━━━━━━━━━━━━━━━━━━━━━━━┳━━━━━━━━━━━━━━━━━┓
┃ Layer (type)                         ┃ Output Shape                ┃         Param # ┃
┡━━━━━━━━━━━━━━━━━━━━━━━━━━━━━━━━━━━━━━╇━━━━━━━━━━━━━━━━━━━━━━━━━━━━━╇━━━━━━━━━━━━━━━━━┩
│ lstm (LSTM)                          │ (None, 50)                  │          11,200 │
├──────────────────────────────────────┼─────────────────────────────┼─────────────────┤
│ dense (Dense)                        │ (None, 1)                   │              51 │
└──────────────────────────────────────┴─────────────────────────────┴─────────────────┘
 Total params: 11,251 (43.95 KB)
 Trainable params: 11,251 (43.95 KB)
 Non-trainable params: 0 (0.00 B)

2025-08-22 12:14:01,436 - INFO - Iniciando o treinamento do modelo...
2025-08-22 12:14:05,036 - WARNING - You are saving your model as an HDF5 file via `model.save()` or `keras.saving.save_model(model)`. This file format is considered legacy. We recommend using instead the native Keras format, e.g. `model.save('my_model.keras')` or `keras.saving.save_model(model, 'my_model.keras')`. 
2025-08-22 12:14:05,085 - INFO - Treinamento concluído.
2025-08-22 12:14:05,086 - INFO - Treino finalizado. Melhor 'val_loss' alcançada: 0.0077
2025-08-22 12:14:05,086 - INFO - Iniciando a Avaliação do modelo
2025-08-22 12:14:05,086 - INFO - ==================================================
2025-08-22 12:14:05,086 - INFO - INICIANDO AVALIAÇÃO DO MODELO
2025-08-22 12:14:05,086 - INFO - ==================================================
2025-08-22 12:14:05,086 - INFO - Carregando modelo do caminho: artifacts/best_model_20250822_121354.h5
2025-08-22 12:14:05,138 - WARNING - Compiled the loaded model, but the compiled metrics have yet to be built. `model.compile_metrics` will be empty until you train or evaluate the model.
2025-08-22 12:14:05,142 - INFO - Modelo carregado com sucesso.
2025-08-22 12:14:05,143 - INFO - Realizando predições no conjunto de teste com shape: (1403, 7, 5)
2025-08-22 12:14:05,706 - INFO - Predições concluídas. Shape das predições: (1403, 1)
2025-08-22 12:14:05,707 - INFO - Calculando métricas de avaliação: RMSE e MAPE...
2025-08-22 12:14:05,708 - ERROR - Ocorreu um erro durante a avaliação: Found array with dim 3. None expected <= 2.
Traceback (most recent call last):
  File "/home/workstation/MLOps/MLOps-Practice-1/src/evaluate.py", line 37, in evaluate_model
    rmse = np.sqrt(mean_squared_error(y_test, y_pred))
                   ^^^^^^^^^^^^^^^^^^^^^^^^^^^^^^^^^^
  File "/home/workstation/.local/lib/python3.11/site-packages/sklearn/utils/_param_validation.py", line 216, in wrapper
    return func(*args, **kwargs)
           ^^^^^^^^^^^^^^^^^^^^^
  File "/home/workstation/.local/lib/python3.11/site-packages/sklearn/metrics/_regression.py", line 565, in mean_squared_error
    _check_reg_targets_with_floating_dtype(
  File "/home/workstation/.local/lib/python3.11/site-packages/sklearn/metrics/_regression.py", line 198, in _check_reg_targets_with_floating_dtype
    y_type, y_true, y_pred, multioutput = _check_reg_targets(
                                          ^^^^^^^^^^^^^^^^^^^
  File "/home/workstation/.local/lib/python3.11/site-packages/sklearn/metrics/_regression.py", line 105, in _check_reg_targets
    y_true = check_array(y_true, ensure_2d=False, dtype=dtype)
             ^^^^^^^^^^^^^^^^^^^^^^^^^^^^^^^^^^^^^^^^^^^^^^^^^
  File "/home/workstation/.local/lib/python3.11/site-packages/sklearn/utils/validation.py", line 1101, in check_array
    raise ValueError(
ValueError: Found array with dim 3. None expected <= 2.
2025-08-22 12:14:05,714 - INFO - ==================================================
2025-08-22 12:14:05,714 - INFO - EXECUÇÃO DO SCRIPT FINALIZADA
2025-08-22 12:14:05,714 - INFO - ==================================================
