2025-08-22 11:59:50,906 - INFO - ==================================================
2025-08-22 11:59:50,906 - INFO - INICIANDO SCRIPT DE TREINAMENTO - RUN ID: 20250822_115950
2025-08-22 11:59:50,906 - INFO - ==================================================
2025-08-22 11:59:50,906 - INFO - Carregando dados de 'data/train.csv'...
2025-08-22 11:59:51,783 - INFO - Dados carregados com sucesso. Shape: (1017209, 9)
2025-08-22 11:59:51,783 - INFO - Iniciando pré-processamento dos dados com janela de 7 dias...
2025-08-22 11:59:51,784 - INFO - Iniciando pré-processamento com window_size=7.
2025-08-22 11:59:51,784 - INFO - Ordenando dados por 'Store' e 'Date'...
2025-08-22 11:59:52,009 - INFO - Iniciando engenharia de features...
2025-08-22 11:59:52,015 - INFO - Features 'StateHoliday' e 'SchoolHoliday' convertidas para binário.
2025-08-22 11:59:52,025 - INFO - Feature '7_days_avg_sales' (média móvel) criada.
2025-08-22 11:59:52,025 - INFO - Engenharia de features concluída.
2025-08-22 11:59:52,026 - INFO - Colunas após engenharia de features: ['Store', 'DayOfWeek', 'Date', 'Sales', 'Customers', 'Open', 'Promo', 'StateHoliday', 'SchoolHoliday', '7_days_avg_sales']
2025-08-22 11:59:52,026 - INFO - Normalizando as features ['DayOfWeek', 'Customers', 'Open', 'Promo', '7_days_avg_sales'] e o target 'Sales' com MinMaxScaler.
2025-08-22 11:59:52,042 - INFO - Iniciando criação de sequências para o modelo LSTM...
2025-08-22 11:59:52,043 - INFO - Encontradas 10 lojas únicas para processar.
2025-08-22 11:59:56,363 - INFO - Criação de sequências concluída. Total de 9350 sequências geradas.
2025-08-22 11:59:56,369 - INFO - Salvando o objeto scaler em 'artifacts/scaler_20250822_115950.pkl'...
2025-08-22 11:59:56,370 - INFO - Scaler salvo com sucesso.
2025-08-22 11:59:56,373 - INFO - Pré-processamento concluído. Shape de X: (9350, 7, 5), Shape de y: (9350,)
2025-08-22 11:59:56,374 - INFO - Dividindo os dados em conjuntos de treino e validação (80/20)...
2025-08-22 11:59:56,374 - INFO - Divisão concluída. Shapes: X_train=(7480, 7, 5), y_train=(7480,), X_val=(1870, 7, 5), y_val=(1870,)
2025-08-22 11:59:56,374 - INFO - O melhor modelo será salvo em: artifacts/best_model_20250822_115950.h5
2025-08-22 11:59:56,374 - INFO - Configurando callbacks: EarlyStopping e ModelCheckpoint.
2025-08-22 11:59:56,374 - INFO - Construindo modelo com input_shape: (7, 5)
2025-08-22 11:59:57,758 - INFO - Modelo compilado com otimizador 'adam' e loss 'mse'.
2025-08-22 11:59:57,758 - INFO - Arquitetura do modelo:
2025-08-22 11:59:57,761 - INFO - Model: "sequential"
┏━━━━━━━━━━━━━━━━━━━━━━━━━━━━━━━━━━━━━━┳━━━━━━━━━━━━━━━━━━━━━━━━━━━━━┳━━━━━━━━━━━━━━━━━┓
┃ Layer (type)                         ┃ Output Shape                ┃         Param # ┃
┡━━━━━━━━━━━━━━━━━━━━━━━━━━━━━━━━━━━━━━╇━━━━━━━━━━━━━━━━━━━━━━━━━━━━━╇━━━━━━━━━━━━━━━━━┩
│ lstm (LSTM)                          │ (None, 50)                  │          11,200 │
├──────────────────────────────────────┼─────────────────────────────┼─────────────────┤
│ dense (Dense)                        │ (None, 1)                   │              51 │
└──────────────────────────────────────┴─────────────────────────────┴─────────────────┘
 Total params: 11,251 (43.95 KB)
 Trainable params: 11,251 (43.95 KB)
 Non-trainable params: 0 (0.00 B)

2025-08-22 11:59:57,761 - INFO - Iniciando o treinamento do modelo...
2025-08-22 12:00:01,802 - WARNING - You are saving your model as an HDF5 file via `model.save()` or `keras.saving.save_model(model)`. This file format is considered legacy. We recommend using instead the native Keras format, e.g. `model.save('my_model.keras')` or `keras.saving.save_model(model, 'my_model.keras')`. 
2025-08-22 12:00:01,879 - INFO - Treinamento concluído.
2025-08-22 12:00:01,880 - INFO - Treino finalizado. Melhor 'val_loss' alcançada: 0.0089
2025-08-22 12:00:01,880 - INFO - ==================================================
2025-08-22 12:00:01,880 - INFO - EXECUÇÃO DO SCRIPT FINALIZADA
2025-08-22 12:00:01,880 - INFO - ==================================================
